---
source: wnfs/src/public/file.rs
expression: file
---
{
  "value": {
    "wnfs/pub/file": {
      "metadata": {
        "created": -4960082003,
        "modified": -4178922002
      },
      "previous": [
        {
          "/": "bafyreigbzy7b4xhilt5ecpus5h7bempds2rdx4khnx6ldtsqno2yfwj5me"
        }
      ],
      "userland": {
        "/": "baeaaaaa"
      },
      "version": "0.2.0"
    }
  },
  "cbor": "oW13bmZzL3B1Yi9maWxlpGd2ZXJzaW9uZTAuMi4waG1ldGFkYXRhomdjcmVhdGVkOwAAAAEnpNhSaG1vZGlmaWVkOvkVShFocHJldmlvdXOB2CpYJQABcRIgwc4+HlzoXPpBPpLp/hIx45aiO/FHbfyxzlBrtYLZPWFodXNlcmxhbmTYKkUAAQAAAA=="
}
