---
source: wnfs/src/public/directory.rs
expression: dir
---
{
  "value": {
    "wnfs/pub/dir": {
      "metadata": {
        "created": 0,
        "modified": 0
      },
      "previous": [],
      "userland": {
        "music": {
          "/": "bafyr4iaf7cxur6cz5723jjxmzjlhfszen6xvkn27b5mvtfrnurtmqggnnq"
        },
        "text.txt": {
          "/": "bafyr4ifdbpj2udunaj7wpyb3by7zivabfva3qtwbnv232ysw5vut7vzx6e"
        },
        "videos": {
          "/": "bafyr4igv4cb3jiade36ged6hqwdfdu2wpnauksli6emabfgofuphtz27rm"
        }
      },
      "version": "0.2.0"
    }
  },
  "bytes": "oWx3bmZzL3B1Yi9kaXKkZ3ZlcnNpb25lMC4yLjBobWV0YWRhdGGiZ2NyZWF0ZWQAaG1vZGlmaWVkAGhwcmV2aW91c4BodXNlcmxhbmSjZW11c2lj2CpYJQABcR4gBfivSPhZ7/W0puzKVnLLJG+vVTdfD1lZli2kZsgYzWxmdmlkZW9z2CpYJQABcR4g1eCDtKADJvxiD8eFhlHTVntBRUlo8RgAlM4tHnnnX4todGV4dC50eHTYKlglAAFxHiCjC9OqDo0Cf2fgOw4/lFQBLUG4TsFtdb1iVu1pP9c38Q=="
}
