---
source: wnfs/src/public/file.rs
expression: file
---
{
  "value": {
    "wnfs/pub/file": {
      "metadata": {
        "created": -4960082003,
        "modified": -4960082003
      },
      "previous": [],
      "userland": {
        "/": "baeaaaaa"
      },
      "version": "0.2.0"
    }
  },
  "cbor": "oW13bmZzL3B1Yi9maWxlpGd2ZXJzaW9uZTAuMi4waG1ldGFkYXRhomdjcmVhdGVkOwAAAAEnpNhSaG1vZGlmaWVkOwAAAAEnpNhSaHByZXZpb3VzgGh1c2VybGFuZNgqRQABAAAA"
}
