---
source: wnfs/src/public/directory.rs
expression: dir
---
{
  "value": {
    "wnfs/pub/dir": {
      "metadata": {
        "created": -4960082003,
        "modified": -4960082003
      },
      "previous": [],
      "userland": {
        "music": {
          "/": "bafyreifgdness6tqtowfjxhmn2cddq5g3tsf7tw7mem3ahjgsyvytkncf4"
        },
        "text.txt": {
          "/": "bafyreiew5kef2punbfeks2uivinhxkwwjbctdt6lw5gijb3yfzpsemnt6u"
        },
        "videos": {
          "/": "bafyreifdumqng3yx44bdtoydj35zorq4g3zqhu7i3yasc2cm7rnxktvpbi"
        }
      },
      "version": "0.2.0"
    }
  },
  "cbor": "oWx3bmZzL3B1Yi9kaXKkZ3ZlcnNpb25lMC4yLjBobWV0YWRhdGGiZ2NyZWF0ZWQ7AAAAASek2FJobW9kaWZpZWQ7AAAAASek2FJocHJldmlvdXOAaHVzZXJsYW5ko2VtdXNpY9gqWCUAAXESIKYbSSl6cJusVNzsboQxw6bc5F/O32EZsB0mliuJqaIvZnZpZGVvc9gqWCUAAXESIKOjINNvF+cCObsDTvuXRhw28wPT6N4BIWhM/Ft1Tq8KaHRleHQudHh02CpYJQABcRIgluqIXT6NCUipaoiqGnuq1khFMc/Lt0yEh3guXyIxs/U="
}
