---
source: wnfs/src/public/directory.rs
expression: dir
---
{
  "value": {
    "wnfs/pub/dir": {
      "metadata": {
        "created": 0,
        "modified": 0
      },
      "previous": [
        {
          "/": "bafyr4ih3k2ipwwqryrlmtmwtolma4t772gknmx7pxqu5opjwsrr2nc27qq"
        }
      ],
      "userland": {
        "music": {
          "/": "bafyr4ietl6u7ligzk3sxfwqvycd2vhd4ohw3rxn5qv7ajrlzommvzk5la4"
        },
        "text.txt": {
          "/": "bafyr4ie5jfvlj66jxhhvggxjltfj4ljfhjyirnngts23e33ugezjpc6xaq"
        },
        "videos": {
          "/": "bafyr4ifmlt3hmgb5kdaprkhqqg774bcgyra54sli273iceddse25d7xkbe"
        }
      },
      "version": "1.0.0"
    }
  },
  "bytes": "oWx3bmZzL3B1Yi9kaXKkZ3ZlcnNpb25lMS4wLjBobWV0YWRhdGGiZ2NyZWF0ZWQAaG1vZGlmaWVkAGhwcmV2aW91c4HYKlglAAFxHiD7VpD7WhHEVsmy03LYDk//0ZTWX++8Kdc9NpRjpotfhGh1c2VybGFuZKNlbXVzaWPYKlglAAFxHiCTX6n1oNlW5XLaFcCHqpx8ce243b2FfgTFeXMZXKurB2Z2aWRlb3PYKlglAAFxHiCsXPZ2GD1QwPio8IG//gRGxEHeSWjX9oEQY5E10f7qCWh0ZXh0LnR4dNgqWCUAAXEeIJ1JarT7ybnPUxrpXMqeLSU6cIi1ppy1sm90MTKXi9cE"
}
