---
source: wnfs/src/public/file.rs
expression: file
---
{
  "value": {
    "wnfs/pub/file": {
      "metadata": {
        "created": 0,
        "modified": 0
      },
      "previous": [
        {
          "/": "bafyr4ie5jfvlj66jxhhvggxjltfj4ljfhjyirnngts23e33ugezjpc6xaq"
        }
      ],
      "userland": {
        "/": "baeaaaaa"
      },
      "version": "1.0.0"
    }
  },
  "bytes": "oW13bmZzL3B1Yi9maWxlpGd2ZXJzaW9uZTEuMC4waG1ldGFkYXRhomdjcmVhdGVkAGhtb2RpZmllZABocHJldmlvdXOB2CpYJQABcR4gnUlqtPvJuc9TGulcyp4tJTpwiLWmnLWyb3QxMpeL1wRodXNlcmxhbmTYKkUAAQAAAA=="
}
