---
source: wnfs/src/private/keys/access.rs
expression: temp_key
---
{
  "value": {
    "wnfs/share/temporal": {
      "contentCid": {
        "/": "baeaaaaa"
      },
      "label": {
        "/": {
          "bytes": "f7J7lBYC0B0RVCIRE0/HGqyuVON+fQB7u3tV7/BiooQ"
        }
      },
      "temporalKey": {
        "/": {
          "bytes": "mmMoPLrw/bzrH2R5sZfzqI3Q2Akv5yp8VigVOHOLB+I"
        }
      }
    }
  },
  "cbor": "oXN3bmZzL3NoYXJlL3RlbXBvcmFso2VsYWJlbFggf7J7lBYC0B0RVCIRE0/HGqyuVON+fQB7u3tV7/BiooRqY29udGVudENpZNgqRQABAAAAa3RlbXBvcmFsS2V5WCCaYyg8uvD9vOsfZHmxl/OojdDYCS/nKnxWKBU4c4sH4g=="
}
