---
source: wnfs/src/private/keys/access.rs
expression: snap_key
---
{
  "wnfs/share/snapshot": {
    "contentCid": {
      "/": "baeaaaaa"
    },
    "label": {
      "/": {
        "bytes": "f7J7lBYC0B0RVCIRE0/HGqyuVON+fQB7u3tV7/BiooQ"
      }
    },
    "snapshotKey": {
      "/": {
        "bytes": "7SoxAmhQW3XHxn5UpettI89xokpcEjFXapTSkFRQleU"
      }
    }
  }
}
