---
source: wnfs/src/public/node/node.rs
expression: file
---
{
  "value": {
    "wnfs/pub/file": {
      "metadata": {
        "created": 0,
        "modified": 0
      },
      "previous": [],
      "userland": {
        "/": "baeaaaaa"
      },
      "version": "1.0.0"
    }
  },
  "bytes": "oW13bmZzL3B1Yi9maWxlpGd2ZXJzaW9uZTEuMC4waG1ldGFkYXRhomdjcmVhdGVkAGhtb2RpZmllZABocHJldmlvdXOAaHVzZXJsYW5k2CpFAAEAAAA="
}
