---
source: wnfs/src/public/node/node.rs
expression: file
---
{
  "value": {
    "wnfs/pub/file": {
      "metadata": {
        "created": -4178922002,
        "modified": -4178922002
      },
      "previous": [],
      "userland": {
        "/": "baeaaaaa"
      },
      "version": "0.2.0"
    }
  },
  "cbor": "oW13bmZzL3B1Yi9maWxlpGd2ZXJzaW9uZTAuMi4waG1ldGFkYXRhomdjcmVhdGVkOvkVShFobW9kaWZpZWQ6+RVKEWhwcmV2aW91c4BodXNlcmxhbmTYKkUAAQAAAA=="
}
