---
source: wnfs/src/public/node/node.rs
expression: file
---
{
  "cid": "bafyr4idombemml3z63t5smrs6ktag3dr2ckvvzbq2ngtjklwqkotxwzs3a",
  "value": {
    "wnfs/pub/file": {
      "metadata": {
        "created": 0,
        "modified": 0
      },
      "previous": [],
      "userland": {
        "/": "bafkr4ifpcne3t5pzugtkaqcn5i3nzskjtpfslsnnyejlpte2spfoihzsmi"
      },
      "version": "1.0.0"
    }
  },
  "bytes": "oW13bmZzL3B1Yi9maWxlpGd2ZXJzaW9uZTEuMC4waG1ldGFkYXRhomdjcmVhdGVkAGhtb2RpZmllZABocHJldmlvdXOAaHVzZXJsYW5k2CpYJQABVR4grxNJufX5oaagQE3qNtzJSZvLJcmtwRK3zJqTyuQfMmI="
}
