---
source: wnfs/src/public/node/node.rs
expression: dir
---
{
  "cid": "bafyr4ih3k2ipwwqryrlmtmwtolma4t772gknmx7pxqu5opjwsrr2nc27qq",
  "value": {
    "wnfs/pub/dir": {
      "metadata": {
        "created": 0,
        "modified": 0
      },
      "previous": [],
      "userland": {},
      "version": "1.0.0"
    }
  },
  "bytes": "oWx3bmZzL3B1Yi9kaXKkZ3ZlcnNpb25lMS4wLjBobWV0YWRhdGGiZ2NyZWF0ZWQAaG1vZGlmaWVkAGhwcmV2aW91c4BodXNlcmxhbmSg"
}
