---
source: wnfs/src/public/node/node.rs
expression: values
---
[
  {
    "value": {
      "wnfs/pub/dir": {
        "metadata": {
          "created": -7670907671,
          "modified": -7670907671
        },
        "previous": [],
        "userland": {
          "movies": {
            "/": "bafyr4if6ntyz7t2ztxx6e265glfj5kkjjbay4uxvrbov4udbt2sm2wxtzq"
          }
        },
        "version": "0.2.0"
      }
    },
    "cbor": "oWx3bmZzL3B1Yi9kaXKkZ3ZlcnNpb25lMC4yLjBobWV0YWRhdGGiZ2NyZWF0ZWQ7AAAAAck4wxZobW9kaWZpZWQ7AAAAAck4wxZocHJldmlvdXOAaHVzZXJsYW5koWZtb3ZpZXPYKlglAAFxHiC+bPGfz1md7+Jr3TLKnqlJSEGOUvWIXV5QYZ6kzVrzzA=="
  },
  {
    "value": {
      "wnfs/pub/dir": {
        "metadata": {
          "created": 476749353,
          "modified": 476749353
        },
        "previous": [],
        "userland": {
          "jazz": {
            "/": "bafyr4id4segpuyypyi37szhrd2di5dl2veuxvyhwsztfusjhsfecw6qdp4"
          }
        },
        "version": "0.2.0"
      }
    },
    "cbor": "oWx3bmZzL3B1Yi9kaXKkZ3ZlcnNpb25lMC4yLjBobWV0YWRhdGGiZ2NyZWF0ZWQaHGqeKWhtb2RpZmllZBocap4paHByZXZpb3VzgGh1c2VybGFuZKFkamF6etgqWCUAAXEeIHyRDPpjD8I3+WTxHoaOjXqpKXrg9pZmWkknkUgregN/"
  },
  {
    "value": {
      "wnfs/pub/dir": {
        "metadata": {
          "created": -7670907671,
          "modified": -7670907671
        },
        "previous": [],
        "userland": {
          "anime": {
            "/": "bafyr4igwh4qgnltrsnhisimydrxf4juzbiysz2cxtmp2ipd3fbzsnmdi7y"
          }
        },
        "version": "0.2.0"
      }
    },
    "cbor": "oWx3bmZzL3B1Yi9kaXKkZ3ZlcnNpb25lMC4yLjBobWV0YWRhdGGiZ2NyZWF0ZWQ7AAAAAck4wxZobW9kaWZpZWQ7AAAAAck4wxZocHJldmlvdXOAaHVzZXJsYW5koWVhbmltZdgqWCUAAXEeINY/IGaucZNOiSGYHG5eJpkKMSzoV5sfpDx7KHMmsGj+"
  },
  {
    "value": {
      "wnfs/pub/file": {
        "metadata": {
          "created": -7670907671,
          "modified": -7670907671
        },
        "previous": [],
        "userland": {
          "/": "baeaaaaa"
        },
        "version": "0.2.0"
      }
    },
    "cbor": "oW13bmZzL3B1Yi9maWxlpGd2ZXJzaW9uZTAuMi4waG1ldGFkYXRhomdjcmVhdGVkOwAAAAHJOMMWaG1vZGlmaWVkOwAAAAHJOMMWaHByZXZpb3VzgGh1c2VybGFuZNgqRQABAAAA"
  },
  {
    "value": {
      "wnfs/pub/file": {
        "metadata": {
          "created": -4178922002,
          "modified": -4178922002
        },
        "previous": [],
        "userland": {
          "/": "baeaaaaa"
        },
        "version": "0.2.0"
      }
    },
    "cbor": "oW13bmZzL3B1Yi9maWxlpGd2ZXJzaW9uZTAuMi4waG1ldGFkYXRhomdjcmVhdGVkOvkVShFobW9kaWZpZWQ6+RVKEWhwcmV2aW91c4BodXNlcmxhbmTYKkUAAQAAAA=="
  },
  {
    "value": {
      "wnfs/pub/dir": {
        "metadata": {
          "created": -4960082003,
          "modified": -4960082003
        },
        "previous": [],
        "userland": {},
        "version": "0.2.0"
      }
    },
    "cbor": "oWx3bmZzL3B1Yi9kaXKkZ3ZlcnNpb25lMC4yLjBobWV0YWRhdGGiZ2NyZWF0ZWQ7AAAAASek2FJobW9kaWZpZWQ7AAAAASek2FJocHJldmlvdXOAaHVzZXJsYW5koA=="
  },
  {
    "value": {
      "wnfs/pub/file": {
        "metadata": {
          "created": 476749353,
          "modified": 476749353
        },
        "previous": [],
        "userland": {
          "/": "baeaaaaa"
        },
        "version": "0.2.0"
      }
    },
    "cbor": "oW13bmZzL3B1Yi9maWxlpGd2ZXJzaW9uZTAuMi4waG1ldGFkYXRhomdjcmVhdGVkGhxqnilobW9kaWZpZWQaHGqeKWhwcmV2aW91c4BodXNlcmxhbmTYKkUAAQAAAA=="
  },
  {
    "value": {
      "wnfs/pub/dir": {
        "metadata": {
          "created": -4960082003,
          "modified": -4960082003
        },
        "previous": [
          {
            "/": "bafyr4igmvov6zv5fap45nc4i2ra6edrh7xpq5kvatu2ux34tydrnk6uwgm"
          }
        ],
        "userland": {
          "music": {
            "/": "bafyr4iabtqzkuir5mr55kuokqzdpj7q2dcbejuyd2uqui6jkcmnpjldmey"
          },
          "text.txt": {
            "/": "bafyr4icdm3h26vsdhxbofycvkvvqfqpbllxynfzkmvmgobhzs2kxb2ql6i"
          },
          "videos": {
            "/": "bafyr4igxlgcg3pymdvih7bfe2wngpyet4jqaqp6vccqvw2twdzg7jgzgsm"
          }
        },
        "version": "0.2.0"
      }
    },
    "cbor": "oWx3bmZzL3B1Yi9kaXKkZ3ZlcnNpb25lMC4yLjBobWV0YWRhdGGiZ2NyZWF0ZWQ7AAAAASek2FJobW9kaWZpZWQ7AAAAASek2FJocHJldmlvdXOB2CpYJQABcR4gzKur7NelA/nWi4jUQeIOJ/3fDqqgnTVL75PA4tV6ljNodXNlcmxhbmSjZW11c2lj2CpYJQABcR4gAZwyqiI9ZHvVUcqGRvT+GhiCRNMD1SFEeSoTGvSsbCZmdmlkZW9z2CpYJQABcR4g11mEbb8MHVB/hKTVmmfgk+JgCD/VEKFbanYeTfSbJpNodGV4dC50eHTYKlglAAFxHiBDZs+vVkM9wuLgVVVrAsHhWu+GlyplWGcE+ZaVcOoL8g=="
  }
]
