---
source: wnfs-hamt/src/node.rs
expression: node
---
{
  "value": [
    [
      255,
      255
    ],
    [
      {
        "/": "bafyreibgtx4kqx5qxh4hsiud6vfq22vpdzpgqxs6dkh5uudr2esvfy6aqi"
      },
      {
        "/": "bafyreif5x5wptlkzaz2ne766ie6wepovtmm534huzqg3ryjtctobe323nq"
      },
      {
        "/": "bafyreie6yz4lzwmmpakvdlcfiopg6yabw6zxe74uakx25cyd7vijfp3tii"
      },
      [
        [
          [
            22,
            0,
            0,
            0
          ],
          "22"
        ],
        [
          [
            77,
            0,
            0,
            0
          ],
          "77"
        ]
      ],
      {
        "/": "bafyreieijqgvjtielkl22vuq3cz73cua3i6c2v7mcnkck7yrpj444xih5u"
      },
      {
        "/": "bafyreiaydu3g77jftuzxu45rmtl5pbznmbou5leji7o67fafj75rgo6q3m"
      },
      {
        "/": "bafyreifgu5tmscdwh53tbar7mmrbpsip3jwlxdhj43wxiz6xfzrerz5jye"
      },
      {
        "/": "bafyreigv4axfilhmjgezfpfb4hrujjd74zbazquj76mktx5iseei2kh67m"
      },
      {
        "/": "bafyreicwgfi4noe5wwi2b4qsnas4vwdb7slioicdz6vwy4v6sb3wb3nqpe"
      },
      {
        "/": "bafyreihu6z76wiz4lacp4a5j6zj4c6jhdrsjlre2ywwxyfqsmqhlod6aua"
      },
      {
        "/": "bafyreidcibmh4vlvyikmqkmeoypsk4qgdwfjzaagqhhmotrarbvrthe7v4"
      },
      [
        [
          [
            13,
            0,
            0,
            0
          ],
          "13"
        ],
        [
          [
            60,
            0,
            0,
            0
          ],
          "60"
        ],
        [
          [
            28,
            0,
            0,
            0
          ],
          "28"
        ]
      ],
      {
        "/": "bafyreicibp5nyffggjynpu2efriyqaxqptve3u4q6gt4wpycjfkvg5bhry"
      },
      {
        "/": "bafyreiar2mvuace4oh7bd6kfg7utb32bwidjd43pimqn2zgjggl4wxirbu"
      },
      [
        [
          [
            68,
            0,
            0,
            0
          ],
          "68"
        ],
        [
          [
            48,
            0,
            0,
            0
          ],
          "48"
        ]
      ],
      {
        "/": "bafyreibb6uahy55hfus73ngjbtu4nkeg5mjlkjpidxdfzbnhm3nyopmlam"
      }
    ]
  ],
  "cbor": "goIY/xj/kNgqWCUAAXESICad+KhfsLn4eSKD9UsNaq8eXmheXhqP2lBx0SVS48CC2CpYJQABcRIgvb9s+a1ZBnTSf95BPWI91ZsZ3fD0zA244TMU3BJvW2zYKlglAAFxEiCexni82Yx4FVGsRUOeb2ABt7Nyf5QCr66LA/1Qkr9zQoKChBYAAABiMjKChBhNAAAAYjc32CpYJQABcRIgiEwNVM0EWpetVpDYs/2KgNo8LVfsE1QlfxF6ec5dB+3YKlglAAFxEiAYHTZv/SWdM3pzsWTX14ctYF1OrIlH3e+UBU/7EzvQ29gqWCUAAXESIKanZskIdj93MII/YyIXyQ/abLuM6ebtdGfXLmJI56nB2CpYJQABcRIg1eAuVCzsSYmSvKHh40Skf+ZCDMKJ/5ip36iRCI0o/vvYKlglAAFxEiBWMVHGuJ21kaDyEmglythh/JaHIEPPq2xyvpB3YO2wedgqWCUAAXESIPT2f+sjPFgE/gOp9lPBeSccZJXEmsWtfBYSZA63D8Cg2CpYJQABcRIgYkBYflV1whTIKYR2HyVyBh2KnIAGgc7HTiCIaxmcn6+DgoQNAAAAYjEzgoQYPAAAAGI2MIKEGBwAAABiMjjYKlglAAFxEiBIC/rcFKYycNfTRCxRiALwfOpN05Dxp8s/AklVU3QnjtgqWCUAAXESIBHTK0AInHH+EflFN+kw70GyBpHzb0Mg3WTJMZfLXRENgoKEGEQAAABiNjiChBgwAAAAYjQ42CpYJQABcRIgIfUAfHenLSX9tMkM6caohusStSXoHcZchadm24c9iwM="
}
