---
source: wnfs/src/root_tree.rs
expression: root
---
{
  "value": {
    "exchange": {
      "/": "bafyreib36f4dcqhrnuaxusq3do45zs23k6jwfm6npmokoditzd3jsdsf6m"
    },
    "forest": {
      "/": "bafyreicjmichihglcljiow3bbjqtwe62iebm2pcf4jg6w235nkkwibov3u"
    },
    "public": {
      "/": "bafyreifwohv47533ovjxgigigwtvlh7cs2iya32p5wmf4xcdf7ilhxrtcy"
    },
    "version": "0.2.0"
  },
  "cbor": "pGZmb3Jlc3TYKlglAAFxEiBJYgR0HMsS0odbYQphOxPaQQLNPEXiTetrfWqVZAXV3WZwdWJsaWPYKlglAAFxEiC2cevP93t1U3MgyDWnVZ/ilpGAb0/tmF5cQy/Qs94zFmd2ZXJzaW9uZTAuMi4waGV4Y2hhbmdl2CpYJQABcRIgO/F4MUDxbQF6ShsbudzLW1eTYrPNexynDRPI9pkORfM="
}
