---
source: wnfs/src/root_tree.rs
expression: root
---
{
  "value": {
    "exchange": {
      "/": "bafyr4ifwrzvngqcas4h4575l25uc3p7cxuyqjizs5ujquyf2gdoqp2kmty"
    },
    "forest": {
      "/": "bafyr4ihqz7a6frsjszxk4w5d2rhq5pkqq5xvxh3ipiabcfiayjhk7e2x7u"
    },
    "public": {
      "/": "bafyr4ihx3ne7ux52kb7f4bjyjuf52ivbbd4bn5uascycsfijloshpj36ci"
    },
    "version": "0.2.0"
  },
  "cbor": "pGZmb3Jlc3TYKlglAAFxHiDwz8HixkmWbq5bo9RPDr1Qh29bn2h6ABEVAMJOr5NX/WZwdWJsaWPYKlglAAFxHiD320n6X7pQfl4FOE0L3SKhCPgW9oCQsCkVCVukd6d+Emd2ZXJzaW9uZTAuMi4waGV4Y2hhbmdl2CpYJQABcR4gto5q00BAlw/O/6vXaC2/4r0xBKMy7RMKYLow3QfpTJ4="
}
